  pch.cpp
  Archer.cpp
  Area.cpp
  Monster.cpp
  MonsterManager.cpp
  SocCom.cpp
  TowerManager.cpp
  Enemy.cpp
  Lancer.cpp
  Rider.cpp
  RTD.cpp
  RTDDlg.cpp
E:\강의관련\개인프로잭트\RTD\RTD\RTDDlg.cpp(402,26): warning C4244: '=': 'ULONGLONG'에서 'DWORD'(으)로 변환하면서 데이터가 손실될 수 있습니다.
  (소스 파일 '/RTDDlg.cpp'을(를) 컴파일하는 중)
  
  Saber.cpp
  Tower.cpp
  코드를 생성하고 있습니다.
  Previous IPDB not found, fall back to full compilation.
  All 401 functions were compiled because no usable IPDB/IOBJ from previous compilation was found.
  코드를 생성했습니다.
  RTD.vcxproj -> E:\강의관련\개인프로잭트\RTD\x64\Release\RTD.exe
