e:\강의관련\개인프로잭트\rtd\rtd\x64\debug\rtd.pch
e:\강의관련\개인프로잭트\rtd\rtd\x64\debug\vc143.pdb
e:\강의관련\개인프로잭트\rtd\rtd\x64\debug\vc143.idb
e:\강의관련\개인프로잭트\rtd\rtd\x64\debug\pch.obj
e:\강의관련\개인프로잭트\rtd\rtd\x64\debug\tower.obj
e:\강의관련\개인프로잭트\rtd\rtd\x64\debug\saber.obj
e:\강의관련\개인프로잭트\rtd\rtd\x64\debug\rtddlg.obj
e:\강의관련\개인프로잭트\rtd\rtd\x64\debug\rtd.obj
e:\강의관련\개인프로잭트\rtd\rtd\x64\debug\rider.obj
e:\강의관련\개인프로잭트\rtd\rtd\x64\debug\lancer.obj
e:\강의관련\개인프로잭트\rtd\rtd\x64\debug\enemy.obj
e:\강의관련\개인프로잭트\rtd\rtd\x64\debug\towermanager.obj
e:\강의관련\개인프로잭트\rtd\rtd\x64\debug\soccom.obj
e:\강의관련\개인프로잭트\rtd\rtd\x64\debug\monstermanager.obj
e:\강의관련\개인프로잭트\rtd\rtd\x64\debug\monster.obj
e:\강의관련\개인프로잭트\rtd\rtd\x64\debug\area.obj
e:\강의관련\개인프로잭트\rtd\rtd\x64\debug\archer.obj
e:\강의관련\개인프로잭트\rtd\rtd\x64\debug\rtd.res
e:\강의관련\개인프로잭트\rtd\x64\debug\rtd.exe
e:\강의관련\개인프로잭트\rtd\x64\debug\rtd.pdb
e:\강의관련\개인프로잭트\rtd\rtd\x64\debug\rtd.ilk
e:\강의관련\개인프로잭트\rtd\rtd\x64\debug\rtd.tlog\cl.read.1.tlog
e:\강의관련\개인프로잭트\rtd\rtd\x64\debug\rtd.tlog\cl.write.1.tlog
e:\강의관련\개인프로잭트\rtd\rtd\x64\debug\rtd.tlog\cl.command.1.tlog
e:\강의관련\개인프로잭트\rtd\rtd\x64\debug\rtd.tlog\rc.read.1.tlog
e:\강의관련\개인프로잭트\rtd\rtd\x64\debug\rtd.tlog\rc.write.1.tlog
e:\강의관련\개인프로잭트\rtd\rtd\x64\debug\rtd.tlog\rc.command.1.tlog
e:\강의관련\개인프로잭트\rtd\rtd\x64\debug\rtd.tlog\link.read.3.tlog
e:\강의관련\개인프로잭트\rtd\rtd\x64\debug\rtd.tlog\link.write.1.tlog
e:\강의관련\개인프로잭트\rtd\rtd\x64\debug\rtd.tlog\link.secondary.1.tlog
e:\강의관련\개인프로잭트\rtd\rtd\x64\debug\rtd.tlog\link.command.1.tlog
e:\강의관련\개인프로잭트\rtd\rtd\x64\debug\rtd.tlog\cl.items.tlog
